2026-04-07 17:40:56,534 [INFO] worker.loop: Worker starting.
2026-04-07 17:40:58,633 [INFO] worker.loop: Created job 1 for file: demo\incoming\test_image.png
2026-04-07 17:40:58,666 [INFO] worker.loop: Created job 2 for file: demo\incoming\test_video.mp4
2026-04-07 17:40:58,666 [INFO] worker.loop: Dispatched job 1 to thread job-1
2026-04-07 17:40:58,674 [INFO] worker.loop: Job 1 started.
2026-04-07 17:40:59,775 [INFO] worker.loop: Job 1 completed. File moved to demo\processed\test_image.png
2026-04-07 17:41:00,667 [INFO] worker.loop: Dispatched job 2 to thread job-2
2026-04-07 17:41:00,675 [INFO] worker.loop: Job 2 started.
2026-04-07 17:41:01,820 [INFO] worker.loop: Job 2 completed. File moved to demo\processed\test_video.mp4
2026-04-07 17:41:10,673 [INFO] worker.loop: Worker stopped.
2026-04-07 17:41:27,445 [INFO] worker.loop: Worker starting.
2026-04-07 17:41:29,722 [INFO] worker.loop: Created job 3 for file: demo\incoming\test_image.jpg
2026-04-07 17:41:29,755 [INFO] worker.loop: Created job 4 for file: demo\incoming\test_image.png
2026-04-07 17:41:29,780 [INFO] worker.loop: Created job 5 for file: demo\incoming\test_video.mkv
2026-04-07 17:41:29,813 [INFO] worker.loop: Created job 6 for file: demo\incoming\test_video.mp4
2026-04-07 17:41:29,814 [INFO] worker.loop: Dispatched job 3 to thread job-3
2026-04-07 17:41:29,820 [INFO] worker.loop: Job 3 started.
2026-04-07 17:41:30,257 [INFO] worker.loop: Job 3 completed. File moved to demo\processed\test_image.jpg
2026-04-07 17:41:31,816 [INFO] worker.loop: Dispatched job 4 to thread job-4
2026-04-07 17:41:31,823 [INFO] worker.loop: Job 4 started.
2026-04-07 17:41:32,472 [INFO] worker.loop: Job 4 completed. File moved to demo\processed\test_image.png
2026-04-07 17:41:33,818 [INFO] worker.loop: Dispatched job 5 to thread job-5
2026-04-07 17:41:33,825 [INFO] worker.loop: Job 5 started.
2026-04-07 17:41:34,989 [INFO] worker.loop: Job 5 completed. File moved to demo\processed\test_video.mkv
2026-04-07 17:41:35,820 [INFO] worker.loop: Dispatched job 6 to thread job-6
2026-04-07 17:41:35,827 [INFO] worker.loop: Job 6 started.
2026-04-07 17:41:37,104 [INFO] worker.loop: Job 6 completed. File moved to demo\processed\test_video.mp4
2026-04-07 17:41:37,820 [INFO] worker.loop: Worker stopped.
2026-04-07 17:41:45,672 [INFO] worker.loop: Worker starting.
2026-04-07 17:41:46,158 [INFO] worker.loop: Created job 7 for file: demo\incoming\test_image.png
2026-04-07 17:41:46,158 [INFO] worker.loop: Dispatched job 7 to thread job-7
2026-04-07 17:41:46,165 [INFO] worker.loop: Job 7 started.
2026-04-07 17:41:48,160 [INFO] worker.loop: Worker stopped.
2026-04-07 17:41:56,206 [INFO] worker.loop: Worker starting.
2026-04-07 17:41:56,245 [INFO] worker.loop: Created job 8 for file: demo\incoming\test_image.png
2026-04-07 17:41:56,246 [INFO] worker.loop: Dispatched job 7 to thread job-7
2026-04-07 17:41:56,253 [INFO] worker.loop: Job 7 started.
2026-04-07 17:41:56,513 [INFO] worker.loop: Job 7 completed. File moved to demo\processed\test_image.png
2026-04-07 17:41:58,246 [INFO] worker.loop: Worker stopped.
2026-04-07 17:42:03,384 [INFO] worker.loop: Worker starting.
2026-04-07 17:42:03,752 [INFO] worker.loop: Created job 9 for file: demo\incoming\test_image.png
2026-04-07 17:42:03,752 [INFO] worker.loop: Dispatched job 8 to thread job-8
2026-04-07 17:42:03,759 [INFO] worker.loop: Job 8 started.
2026-04-07 17:42:05,754 [INFO] worker.loop: Dispatched job 9 to thread job-9
2026-04-07 17:42:05,760 [INFO] worker.loop: Job 9 started.
2026-04-07 17:42:07,754 [INFO] worker.loop: Worker stopped.
2026-04-07 17:42:07,762 [INFO] worker.loop: Worker starting.
2026-04-07 17:42:07,764 [WARNING] worker.loop: Found 1 orphaned job(s) from previous session. Re-queuing.
2026-04-07 17:42:07,791 [INFO] worker.loop: Dispatched job 9 to thread job-9
2026-04-07 17:42:07,798 [INFO] worker.loop: Job 9 started.
2026-04-07 17:42:13,794 [INFO] worker.loop: Worker stopped.
2026-04-07 17:42:36,107 [ERROR] worker.loop: Job 9 failed with exception: [WinError 2] The system cannot find the file specified
Traceback (most recent call last):
  File "C:\Users\scrib\AppData\Local\Programs\Python\Python312\Lib\shutil.py", line 862, in move
    os.rename(src, real_dst)
FileNotFoundError: [WinError 2] The system cannot find the file specified: 'demo\\incoming\\test_image.png' -> 'demo\\processed\\test_image.png'

During handling of the above exception, another exception occurred:

Traceback (most recent call last):
  File "d:\dev\PAMIP-media-pipeline\pamip\worker\loop.py", line 241, in _run_job
    shutil.move(str(src), str(dst))
  File "C:\Users\scrib\AppData\Local\Programs\Python\Python312\Lib\shutil.py", line 882, in move
    copy_function(src, real_dst)
  File "C:\Users\scrib\AppData\Local\Programs\Python\Python312\Lib\shutil.py", line 448, in copy2
    _winapi.CopyFile2(src_, dst_, flags)
FileNotFoundError: [WinError 2] The system cannot find the file specified
